[dotenv@17.3.1] injecting env (17) from .env -- tip: ΓÜÖ∩╕Å  suppress all logs with { quiet: true }
Γ£à Connected to DB for Tests

≡ƒº¬ Testing Flat Discount (Min 1000, Cart 1500, Discount 500)
Γ£à DB Disconnected
